[0m17:13:36.201420 [debug] [MainThread]: Sending event: {'category': 'dbt', 'action': 'invocation', 'label': 'start', 'context': [<snowplow_tracker.self_describing_json.SelfDescribingJson object at 0x7fc5142c6120>, <snowplow_tracker.self_describing_json.SelfDescribingJson object at 0x7fc516934a50>, <snowplow_tracker.self_describing_json.SelfDescribingJson object at 0x7fc513097c50>]}


============================== 17:13:36.220505 | 01ba848b-3ace-4269-af13-055140a4b6a6 ==============================
[0m17:13:36.220505 [info ] [MainThread]: Running with dbt=1.12.2
[0m17:13:36.220797 [debug] [MainThread]: running dbt with arguments {'version_check': 'True', 'empty': 'None', 'log_cache_events': 'False', 'no_print': 'None', 'cache_selected_only': 'False', 'profiles_dir': '/var/home/rogermm/.dbt', 'hints_enabled': 'True', 'debug': 'False', 'send_anonymous_usage_stats': 'True', 'fail_fast': 'False', 'target_path': 'None', 'invocation_command': 'dbt init', 'static_parser': 'True', 'printer_width': '80', 'write_json': 'True', 'log_format': 'default', 'partial_parse': 'True', 'use_colors': 'True', 'warn_error': 'None', 'maximum_seed_size_mib': '1', 'log_path': 'logs', 'warn_error_options': 'WarnErrorOptionsV2(error=[], warn=[], silence=[])', 'indirect_selection': 'eager', 'quiet': 'False', 'introspect': 'True', 'use_experimental_parser': 'False'}
[0m17:13:36.244278 [info ] [MainThread]: Creating dbt configuration folder at /var/home/rogermm/.dbt
[0m17:13:58.200172 [debug] [MainThread]: Starter project path: /var/home/rogermm/git/monorepo-datahub-ops-private/data-projects/dbt/dbt-hello-world/.venv/lib/python3.13/site-packages/dbt/include/starter_project
[0m17:13:58.201390 [info ] [MainThread]: Setting up your profile.
[0m17:14:11.979765 [info ] [MainThread]: Profile hello_world written to /var/home/rogermm/.dbt/profiles.yml using target's sample configuration. Once updated, you'll be able to start developing with dbt.
[0m17:14:11.982141 [info ] [MainThread]: Running dbt debug to validate the project...
[0m17:14:11.982497 [info ] [MainThread]: dbt version: 1.12.2
[0m17:14:11.982653 [info ] [MainThread]: python version: 3.13.13
[0m17:14:11.982791 [info ] [MainThread]: python path: /var/home/rogermm/git/monorepo-datahub-ops-private/data-projects/dbt/dbt-hello-world/.venv/bin/python3
[0m17:14:11.982919 [info ] [MainThread]: os info: Linux-7.1.8-200.fc44.x86_64-x86_64-with-glibc2.43
[0m17:14:12.015637 [info ] [MainThread]: Using profiles dir at /var/home/rogermm/.dbt
[0m17:14:12.015899 [info ] [MainThread]: Using profiles.yml file at /var/home/rogermm/.dbt/profiles.yml
[0m17:14:12.016040 [info ] [MainThread]: Using dbt_project.yml file at /var/home/rogermm/git/monorepo-datahub-ops-private/data-projects/dbt/dbt-hello-world/hello_world/dbt_project.yml
[0m17:14:12.016954 [info ] [MainThread]: adapter type: duckdb
[0m17:14:12.017163 [info ] [MainThread]: adapter version: 1.11.0
[0m17:14:12.085865 [info ] [MainThread]: Configuration:
[0m17:14:12.086123 [info ] [MainThread]:   profiles.yml file [[32mOK found and valid[0m]
[0m17:14:12.086275 [info ] [MainThread]:   dbt_project.yml file [[32mOK found and valid[0m]
[0m17:14:12.086406 [info ] [MainThread]: Required dependencies:
[0m17:14:12.086548 [debug] [MainThread]: Executing "git --help"
[0m17:14:12.088010 [debug] [MainThread]: STDOUT: "b"usage: git [-v | --version] [-h | --help] [-C <path>] [-c <name>=<value>]\n           [--exec-path[=<path>]] [--html-path] [--man-path] [--info-path]\n           [-p | --paginate | -P | --no-pager] [--no-replace-objects] [--no-lazy-fetch]\n           [--no-optional-locks] [--no-advice] [--bare] [--git-dir=<path>]\n           [--work-tree=<path>] [--namespace=<name>] [--config-env=<name>=<envvar>]\n           <command> [<args>]\n\nThese are common Git commands used in various situations:\n\nstart a working area (see also: git help tutorial)\n   clone      Clone a repository into a new directory\n   init       Create an empty Git repository or reinitialize an existing one\n\nwork on the current change (see also: git help everyday)\n   add        Add file contents to the index\n   mv         Move or rename a file, a directory, or a symlink\n   restore    Restore working tree files\n   rm         Remove files from the working tree and from the index\n\nexamine the history and state (see also: git help revisions)\n   bisect     Use binary search to find the commit that introduced a bug\n   diff       Show changes between commits, commit and working tree, etc\n   grep       Print lines matching a pattern\n   log        Show commit logs\n   show       Show various types of objects\n   status     Show the working tree status\n\ngrow, mark and tweak your common history\n   backfill   Download missing objects in a partial clone\n   branch     List, create, or delete branches\n   commit     Record changes to the repository\n   history    EXPERIMENTAL: Rewrite history\n   merge      Join two or more development histories together\n   rebase     Reapply commits on top of another base tip\n   reset      Set `HEAD` or the index to a known state\n   switch     Switch branches\n   tag        Create, list, delete or verify tags\n\ncollaborate (see also: git help workflows)\n   fetch      Download objects and refs from another repository\n   pull       Fetch from and integrate with another repository or a local branch\n   push       Update remote refs along with associated objects\n\n'git help -a' and 'git help -g' list available subcommands and some\nconcept guides. See 'git help <command>' or 'git help <concept>'\nto read about a specific subcommand or concept.\nSee 'git help git' for an overview of the system.\n""
[0m17:14:12.088234 [debug] [MainThread]: STDERR: "b''"
[0m17:14:12.088380 [info ] [MainThread]:  - git [[32mOK found[0m]

[0m17:14:12.088518 [info ] [MainThread]: Connection:
[0m17:14:12.088652 [info ] [MainThread]:   database: dev
[0m17:14:12.088771 [info ] [MainThread]:   schema: main
[0m17:14:12.088889 [info ] [MainThread]:   path: dev.duckdb
[0m17:14:12.089005 [info ] [MainThread]:   config_options: None
[0m17:14:12.089120 [info ] [MainThread]:   extensions: None
[0m17:14:12.089231 [info ] [MainThread]:   settings: {}
[0m17:14:12.089344 [info ] [MainThread]:   external_root: .
[0m17:14:12.089455 [info ] [MainThread]:   use_credential_provider: None
[0m17:14:12.089569 [info ] [MainThread]:   attach: None
[0m17:14:12.089677 [info ] [MainThread]:   filesystems: None
[0m17:14:12.089786 [info ] [MainThread]:   remote: None
[0m17:14:12.089895 [info ] [MainThread]:   plugins: None
[0m17:14:12.090005 [info ] [MainThread]:   disable_transactions: False
[0m17:14:12.090217 [info ] [MainThread]: Registered adapter: duckdb=1.11.0
[0m17:14:12.122271 [debug] [MainThread]: Acquiring new duckdb connection 'debug'
[0m17:14:12.175752 [debug] [MainThread]: Using duckdb connection "debug"
[0m17:14:12.175988 [debug] [MainThread]: On debug: select 1 as id
[0m17:14:12.176141 [debug] [MainThread]: Opening a new connection, currently in state init
[0m17:14:12.183558 [debug] [MainThread]: SQL status: OK in 0.007 seconds
[0m17:14:12.184044 [debug] [MainThread]: On debug: Close
[0m17:14:12.184233 [info ] [MainThread]:   Connection test: [[32mOK connection ok[0m]

[0m17:14:12.184396 [info ] [MainThread]: [32mAll checks passed![0m
[0m17:14:12.184559 [info ] [MainThread]: Your new dbt project "hello_world" was created!
Initialized new project in /var/home/rogermm/git/monorepo-datahub-ops-private/data-projects/dbt/dbt-hello-world/hello_world/hello_world

For more information on how to configure the profiles.yml file,
please consult the dbt documentation here:

  https://docs.getdbt.com/docs/configure-your-profile

One more thing:

Need help? Don't hesitate to reach out to us via GitHub issues or on Slack:

  https://community.getdbt.com/

Happy modeling!

[0m17:14:12.184908 [debug] [MainThread]: Resource report: {"command_name": "init", "command_success": true, "command_wall_clock_time": 36.03383, "process_in_blocks": "32", "process_kernel_time": 0.065304, "process_mem_max_rss": "158196", "process_out_blocks": "3352", "process_user_time": 0.932455}
[0m17:14:12.185134 [debug] [MainThread]: Command `dbt init` succeeded at 17:14:12.185092 after 36.03 seconds
[0m17:14:12.185292 [debug] [MainThread]: Connection 'debug' was properly closed.
[0m17:14:12.185452 [debug] [MainThread]: Sending event: {'category': 'dbt', 'action': 'invocation', 'label': 'end', 'context': [<snowplow_tracker.self_describing_json.SelfDescribingJson object at 0x7fc512cd36f0>, <snowplow_tracker.self_describing_json.SelfDescribingJson object at 0x7fc51316b770>, <snowplow_tracker.self_describing_json.SelfDescribingJson object at 0x7fc512cf2470>]}
[0m17:14:12.185631 [debug] [MainThread]: Flushing usage events
[0m17:14:13.172884 [debug] [MainThread]: An error was encountered while trying to flush usage events
